[03:28:20.824] [INFO] [SYSTEM] === MobileMinerOng Log Session Started ===
[03:28:20.840] [INFO] [SYSTEM] MobileMinerOng initialized
[03:29:07.730] [DEBUG] [PERCEPTION] Found combat target: attackable
[03:29:07.783] [DEBUG] [MOUSE] Injected delta: -10, -11
[03:29:07.831] [DEBUG] [MOUSE] Injected delta: -45, -50
[03:29:07.877] [DEBUG] [MOUSE] Injected delta: -35, -71
[03:29:07.941] [DEBUG] [MOUSE] Injected delta: -25, -50
[03:29:07.981] [DEBUG] [MOUSE] Injected delta: -5, -12
[03:29:08.027] [DEBUG] [PERCEPTION] Found combat target: attackable
[03:29:08.075] [DEBUG] [MOUSE] Injected delta: 2, 0
[03:29:08.135] [DEBUG] [MOUSE] Injected delta: 12, 0
[03:29:08.187] [DEBUG] [MOUSE] Injected delta: 6, -1
[03:29:08.228] [DEBUG] [MOUSE] Injected delta: 5, 0
[03:29:08.275] [DEBUG] [MOUSE] Injected delta: 2, 0
[03:29:08.335] [DEBUG] [PERCEPTION] Found combat target: attackable
[03:29:08.373] [DEBUG] [MOUSE] Injected delta: -2, 0
[03:29:08.425] [DEBUG] [MOUSE] Injected delta: -6, 0
[03:29:08.485] [DEBUG] [MOUSE] Injected delta: -9, 0
[03:29:08.533] [DEBUG] [MOUSE] Injected delta: -4, 0
[03:29:08.596] [DEBUG] [MOUSE] Injected delta: -1, 0
[03:29:08.630] [DEBUG] [PERCEPTION] Found combat target: attackable
[03:29:08.694] [DEBUG] [MOUSE] Injected delta: 4, 0
[03:29:08.729] [DEBUG] [MOUSE] Injected delta: 17, 0
[03:29:08.783] [DEBUG] [MOUSE] Injected delta: 28, 0
[03:29:08.825] [DEBUG] [MOUSE] Injected delta: 23, 0
[03:29:08.880] [DEBUG] [MOUSE] Injected delta: 6, 1
[03:29:08.936] [DEBUG] [PERCEPTION] Found combat target: attackable
[03:29:08.975] [DEBUG] [MOUSE] Injected delta: 4, 0
[03:29:09.026] [DEBUG] [MOUSE] Injected delta: 18, 0
[03:29:09.078] [DEBUG] [MOUSE] Injected delta: 30, 1
[03:29:09.131] [DEBUG] [MOUSE] Injected delta: 25, 0
[03:29:09.185] [DEBUG] [MOUSE] Injected delta: 7, 3
[03:29:09.233] [DEBUG] [PERCEPTION] Found combat target: attackable
[03:29:09.274] [DEBUG] [MOUSE] Injected delta: 3, 4
[03:29:09.331] [DEBUG] [MOUSE] Injected delta: 14, 24
[03:29:09.394] [DEBUG] [MOUSE] Injected delta: 21, 36
[03:29:09.429] [DEBUG] [MOUSE] Injected delta: 17, 26
[03:29:09.487] [DEBUG] [MOUSE] Injected delta: 4, 6
[03:29:09.530] [DEBUG] [PERCEPTION] Found combat target: attackable
[03:29:09.573] [DEBUG] [MOUSE] Injected delta: 2, -2
[03:29:09.635] [DEBUG] [MOUSE] Injected delta: 8, -16
[03:29:09.683] [DEBUG] [MOUSE] Injected delta: 14, -32
[03:29:09.741] [DEBUG] [MOUSE] Injected delta: 11, -26
[03:29:09.773] [DEBUG] [MOUSE] Injected delta: 3, -4
[03:29:09.832] [DEBUG] [PERCEPTION] Found combat target: attackable
[03:29:09.880] [DEBUG] [MOUSE] Injected delta: 1, 4
[03:29:09.927] [DEBUG] [MOUSE] Injected delta: 1, 26
[03:29:09.976] [DEBUG] [MOUSE] Injected delta: 5, 41
[03:29:10.023] [DEBUG] [MOUSE] Injected delta: 6, 31
[03:29:10.088] [DEBUG] [MOUSE] Injected delta: 5, 8
[03:29:10.136] [DEBUG] [PERCEPTION] Found combat target: attackable
[03:29:10.138] [INFO] [COMBAT] In attack block. Distance: 2.80342960357666
[03:29:10.139] [INFO] [COMBAT] One-Shot Mode. Attack: true
[03:29:10.140] [INFO] [CLICK] Attempting performClick()
